// Jest Snapshot v1, https://goo.gl/fbAQLP

exports[`<Product /> Should display an input for a discount code and a submit button to apply it 1`] = `
<section>
  <div />
  <main>
    <span>
      Banana
    </span>
    <div>
      <div>
        $ 
        10
        ,00
      </div>
      <div>
        10
         left
      </div>
    </div>
  </main>
  <div>
    <button
      onClick={[Function]}
    >
      BUY
    </button>
  </div>
</section>
`;
